// Jest Snapshot v1, https://goo.gl/fbAQLP

exports[`Comparing snapshots for App component matches snapshot 1`] = `
<div
  className="container"
>
  <div
    className="container"
  >
    <main
      className="main"
    >
      <h1
        className="title"
      />
      <p
        className="description"
      >
        <code
          className="text"
        />
      </p>
      <div>
        <main
          className="main"
        >
          <video
            className="video"
            controls={true}
          >
            <source
              data-testid="video-frame-component"
              type="video/mp4"
            />
          </video>
        </main>
      </div>
      <div>
        <button
          className="selectorContainer"
          onClick={[Function]}
        />
      </div>
    </main>
  </div>
</div>
`;
